2026-08-16 21:23:37,945 - INFO - Checkpoint loaded: 51 leads already processed.
2026-08-16 21:23:38,270 - INFO - Launching browser to search for: 'restaurants in Rajshahi'...
2026-08-16 21:23:44,344 - INFO - Search submitted. Waiting for results feed to load...
2026-08-16 21:23:49,153 - INFO - Scrolling feed to load cards...
2026-08-16 21:25:02,722 - INFO - Feed scroll complete. Total cards found: 100
2026-08-16 21:25:02,722 - INFO - Processing card 1/100...
2026-08-16 21:25:05,866 - INFO - Card 1 has a website. Skipping.
2026-08-16 21:25:05,867 - INFO - Processing card 2/100...
2026-08-16 21:25:08,409 - INFO - Card 2 already processed (dedup key matched). Skipping.
2026-08-16 21:25:08,410 - INFO - Processing card 3/100...
2026-08-16 21:25:11,549 - INFO - Card 3 already processed (dedup key matched). Skipping.
2026-08-16 21:25:11,550 - INFO - Processing card 4/100...
2026-08-16 21:25:14,212 - INFO - Card 4 has a website. Skipping.
2026-08-16 21:25:14,212 - INFO - Processing card 5/100...
2026-08-16 21:25:16,253 - INFO - Card 5 already processed (dedup key matched). Skipping.
2026-08-16 21:25:16,254 - INFO - Processing card 6/100...
2026-08-16 21:25:19,022 - INFO - Card 6 has a website. Skipping.
2026-08-16 21:25:19,022 - INFO - Processing card 7/100...
2026-08-16 21:25:23,181 - INFO - Card 7 has a website. Skipping.
2026-08-16 21:25:23,182 - INFO - Processing card 8/100...
2026-08-16 21:25:25,289 - INFO - Card 8 has a website. Skipping.
2026-08-16 21:25:25,290 - INFO - Processing card 9/100...
2026-08-16 21:25:29,151 - INFO - Card 9 has a website. Skipping.
2026-08-16 21:25:29,151 - INFO - Processing card 10/100...
2026-08-16 21:25:31,515 - INFO - Card 10 already processed (dedup key matched). Skipping.
2026-08-16 21:25:31,517 - INFO - Processing card 11/100...
2026-08-16 21:25:37,566 - INFO - Card 11 has NO website! Extracting data...
2026-08-16 21:25:37,611 - INFO - Extracted verified lead: Tasty Time 2.0
2026-08-16 21:25:37,612 - INFO - Processing card 12/100...
2026-08-16 21:25:43,569 - INFO - Card 12 has NO website! Extracting data...
2026-08-16 21:25:45,607 - INFO - Extracted verified lead: Master Chef Bangla Restaurant
2026-08-16 21:25:45,607 - INFO - Processing card 13/100...
2026-08-16 21:25:48,830 - INFO - Card 13 has a website. Skipping.
2026-08-16 21:25:48,830 - INFO - Processing card 14/100...
2026-08-16 21:25:52,541 - INFO - Card 14 has a website. Skipping.
2026-08-16 21:25:52,541 - INFO - Processing card 15/100...
2026-08-16 21:25:55,259 - INFO - Card 15 has a website. Skipping.
2026-08-16 21:25:55,260 - INFO - Processing card 16/100...
2026-08-16 21:25:59,252 - INFO - Card 16 has a website. Skipping.
2026-08-16 21:25:59,253 - INFO - Processing card 17/100...
2026-08-16 21:26:01,647 - INFO - Card 17 has a website. Skipping.
2026-08-16 21:26:01,647 - INFO - Processing card 18/100...
2026-08-16 21:26:05,606 - INFO - Card 18 already processed (dedup key matched). Skipping.
2026-08-16 21:26:05,606 - INFO - Processing card 19/100...
2026-08-16 21:26:08,762 - INFO - Card 19 has a website. Skipping.
2026-08-16 21:26:08,762 - INFO - Processing card 20/100...
2026-08-16 21:26:11,010 - INFO - Card 20 has a website. Skipping.
2026-08-16 21:26:11,010 - INFO - Processing card 21/100...
2026-08-16 21:26:14,687 - INFO - Card 21 already processed (dedup key matched). Skipping.
2026-08-16 21:26:14,688 - INFO - Processing card 22/100...
2026-08-16 21:26:20,325 - INFO - Card 22 has NO website! Extracting data...
2026-08-16 21:26:20,393 - INFO - Extracted verified lead: Nongor
2026-08-16 21:26:20,393 - INFO - Processing card 23/100...
2026-08-16 21:26:24,742 - INFO - Card 23 has NO website! Extracting data...
2026-08-16 21:26:26,849 - INFO - Extracted verified lead: Weebs
2026-08-16 21:26:26,850 - INFO - Processing card 24/100...
2026-08-16 21:26:30,462 - INFO - Card 24 has a website. Skipping.
2026-08-16 21:26:30,462 - INFO - Processing card 25/100...
2026-08-16 21:26:32,572 - INFO - Card 25 already processed (dedup key matched). Skipping.
2026-08-16 21:26:32,573 - INFO - Processing card 26/100...
2026-08-16 21:26:39,433 - INFO - Card 26 has NO website! Extracting data...
2026-08-16 21:26:41,537 - INFO - Extracted verified lead: Refreshment Restaurant
2026-08-16 21:26:41,538 - INFO - Processing card 27/100...
2026-08-16 21:26:48,562 - INFO - Card 27 has NO website! Extracting data...
2026-08-16 21:26:50,634 - INFO - Extracted verified lead: ফ্রেন্ডস টি-টাইম এন্ড কালাভুনা হাউজ
2026-08-16 21:26:50,637 - INFO - Processing card 28/100...
2026-08-16 21:26:54,942 - INFO - Card 28 has a website. Skipping.
2026-08-16 21:26:54,943 - INFO - Processing card 29/100...
2026-08-16 21:26:57,731 - INFO - Card 29 has a website. Skipping.
2026-08-16 21:26:57,732 - INFO - Processing card 30/100...
2026-08-16 21:27:02,831 - INFO - Card 30 has NO website! Extracting data...
2026-08-16 21:27:02,878 - INFO - Extracted verified lead: Chili's Thai & Chinese Restaurant
2026-08-16 21:27:02,879 - INFO - Processing card 31/100...
2026-08-16 21:27:05,328 - INFO - Card 31 has a website. Skipping.
2026-08-16 21:27:05,329 - INFO - Processing card 32/100...
2026-08-16 21:27:07,542 - INFO - Card 32 already processed (dedup key matched). Skipping.
2026-08-16 21:27:07,543 - INFO - Processing card 33/100...
2026-08-16 21:27:13,151 - INFO - Card 33 has NO website! Extracting data...
2026-08-16 21:27:13,230 - INFO - Extracted verified lead: Master Chef Chinese Resturent and Party Centre
2026-08-16 21:27:13,231 - INFO - Processing card 34/100...
2026-08-16 21:27:15,071 - INFO - Card 34 already processed (dedup key matched). Skipping.
2026-08-16 21:27:15,073 - INFO - Processing card 35/100...
2026-08-16 21:27:22,009 - INFO - Card 35 has NO website! Extracting data...
2026-08-16 21:27:22,095 - INFO - Extracted verified lead: Midas Restaurant 3
2026-08-16 21:27:22,096 - INFO - Processing card 36/100...
2026-08-16 21:27:26,875 - INFO - Card 36 has NO website! Extracting data...
2026-08-16 21:27:26,924 - INFO - Extracted verified lead: AURORA-3 PIZZA LOUNGE
2026-08-16 21:27:26,925 - INFO - Processing card 37/100...
2026-08-16 21:27:31,220 - INFO - Card 37 has NO website! Extracting data...
2026-08-16 21:27:31,302 - INFO - Extracted verified lead: City Cafe & Restaurant
2026-08-16 21:27:31,303 - INFO - Processing card 38/100...
2026-08-16 21:27:36,790 - INFO - Card 38 has NO website! Extracting data...
2026-08-16 21:27:36,889 - INFO - Extracted verified lead: Khadok -2 (খাদক-২)
2026-08-16 21:27:36,890 - INFO - Processing card 39/100...
2026-08-16 21:27:41,941 - INFO - Card 39 has NO website! Extracting data...
2026-08-16 21:27:42,012 - INFO - Extracted verified lead: Food Lovers & Kacchi Vai
2026-08-16 21:27:42,013 - INFO - Processing card 40/100...
2026-08-16 21:27:48,014 - INFO - Card 40 has NO website! Extracting data...
2026-08-16 21:27:48,080 - INFO - Extracted verified lead: Sajna Restaurant
2026-08-16 21:27:48,081 - INFO - Processing card 41/100...
2026-08-16 21:27:52,547 - INFO - Card 41 has a website. Skipping.
2026-08-16 21:27:52,547 - INFO - Processing card 42/100...
2026-08-16 21:27:55,248 - INFO - Card 42 already processed (dedup key matched). Skipping.
2026-08-16 21:27:55,249 - INFO - Processing card 43/100...
2026-08-16 21:27:59,346 - INFO - Card 43 already processed (dedup key matched). Skipping.
2026-08-16 21:27:59,347 - INFO - Processing card 44/100...
2026-08-16 21:28:03,505 - INFO - Card 44 has a website. Skipping.
2026-08-16 21:28:03,506 - INFO - Processing card 45/100...
2026-08-16 21:28:06,725 - INFO - Card 45 has a website. Skipping.
2026-08-16 21:28:06,726 - INFO - Processing card 46/100...
2026-08-16 21:28:09,345 - INFO - Card 46 has a website. Skipping.
2026-08-16 21:28:09,346 - INFO - Processing card 47/100...
2026-08-16 21:28:11,578 - INFO - Card 47 already processed (dedup key matched). Skipping.
2026-08-16 21:28:11,580 - INFO - Processing card 48/100...
2026-08-16 21:28:15,859 - INFO - Card 48 already processed (dedup key matched). Skipping.
2026-08-16 21:28:15,860 - INFO - Processing card 49/100...
2026-08-16 21:28:19,460 - INFO - Card 49 has a website. Skipping.
2026-08-16 21:28:19,460 - INFO - Processing card 50/100...
2026-08-16 21:28:24,209 - INFO - Card 50 has a website. Skipping.
2026-08-16 21:28:24,209 - INFO - Processing card 51/100...
2026-08-16 21:28:28,857 - INFO - Card 51 has a website. Skipping.
2026-08-16 21:28:28,859 - INFO - Processing card 52/100...
2026-08-16 21:28:32,296 - INFO - Card 52 already processed (dedup key matched). Skipping.
2026-08-16 21:28:32,297 - INFO - Processing card 53/100...
2026-08-16 21:28:36,784 - INFO - Card 53 has a website. Skipping.
2026-08-16 21:28:36,787 - INFO - Processing card 54/100...
2026-08-16 21:28:41,092 - INFO - Card 54 already processed (dedup key matched). Skipping.
2026-08-16 21:28:41,093 - INFO - Processing card 55/100...
2026-08-16 21:28:45,652 - INFO - Card 55 has a website. Skipping.
2026-08-16 21:28:45,653 - INFO - Processing card 56/100...
2026-08-16 21:28:51,137 - INFO - Card 56 already processed (dedup key matched). Skipping.
2026-08-16 21:28:51,137 - INFO - Processing card 57/100...
2026-08-16 21:28:56,037 - INFO - Card 57 has a website. Skipping.
2026-08-16 21:28:56,037 - INFO - Processing card 58/100...
2026-08-16 21:29:01,215 - INFO - Card 58 already processed (dedup key matched). Skipping.
2026-08-16 21:29:01,217 - INFO - Processing card 59/100...
2026-08-16 21:29:05,144 - INFO - Card 59 has a website. Skipping.
2026-08-16 21:29:05,145 - INFO - Processing card 60/100...
2026-08-16 21:29:09,274 - INFO - Card 60 already processed (dedup key matched). Skipping.
2026-08-16 21:29:09,275 - INFO - Processing card 61/100...
2026-08-16 21:29:14,355 - INFO - Card 61 already processed (dedup key matched). Skipping.
2026-08-16 21:29:14,357 - INFO - Processing card 62/100...
2026-08-16 21:29:19,243 - INFO - Card 62 has a website. Skipping.
2026-08-16 21:29:19,243 - INFO - Processing card 63/100...
2026-08-16 21:29:22,664 - INFO - Card 63 already processed (dedup key matched). Skipping.
2026-08-16 21:29:22,665 - INFO - Processing card 64/100...
2026-08-16 21:29:29,539 - INFO - Card 64 has NO website! Extracting data...
2026-08-16 21:29:29,794 - INFO - Extracted verified lead: Biddut Hotel & Resturant
2026-08-16 21:29:29,798 - INFO - Processing card 65/100...
2026-08-16 21:29:33,515 - INFO - Card 65 already processed (dedup key matched). Skipping.
2026-08-16 21:29:33,516 - INFO - Processing card 66/100...
2026-08-16 21:29:36,098 - INFO - Card 66 already processed (dedup key matched). Skipping.
2026-08-16 21:29:36,098 - INFO - Processing card 67/100...
2026-08-16 21:29:38,758 - INFO - Card 67 already processed (dedup key matched). Skipping.
2026-08-16 21:29:38,759 - INFO - Processing card 68/100...
2026-08-16 21:29:44,345 - INFO - Card 68 has NO website! Extracting data...
2026-08-16 21:29:44,726 - INFO - Extracted verified lead: River View Restaurant
2026-08-16 21:29:44,727 - INFO - Processing card 69/100...
2026-08-16 21:29:47,358 - INFO - Card 69 already processed (dedup key matched). Skipping.
2026-08-16 21:29:47,359 - INFO - Processing card 70/100...
2026-08-16 21:29:51,710 - INFO - Card 70 already processed (dedup key matched). Skipping.
2026-08-16 21:29:51,712 - INFO - Processing card 71/100...
2026-08-16 21:29:57,585 - INFO - Card 71 has NO website! Extracting data...
2026-08-16 21:29:59,692 - INFO - Extracted verified lead: Shimante Nongor
2026-08-16 21:29:59,693 - INFO - Processing card 72/100...
2026-08-16 21:30:04,303 - INFO - Card 72 has a website. Skipping.
2026-08-16 21:30:04,303 - INFO - Processing card 73/100...
2026-08-16 21:30:06,597 - INFO - Card 73 already processed (dedup key matched). Skipping.
2026-08-16 21:30:06,598 - INFO - Processing card 74/100...
2026-08-16 21:30:08,556 - INFO - Card 74 has a website. Skipping.
2026-08-16 21:30:08,556 - INFO - Processing card 75/100...
2026-08-16 21:30:15,762 - INFO - Card 75 has NO website! Extracting data...
2026-08-16 21:30:16,054 - INFO - Extracted verified lead: Kebab King
2026-08-16 21:30:16,055 - INFO - Processing card 76/100...
2026-08-16 21:30:21,404 - INFO - Card 76 has NO website! Extracting data...
2026-08-16 21:30:21,750 - INFO - Extracted verified lead: Indian Spicy Rajshahi
2026-08-16 21:30:21,751 - INFO - Processing card 77/100...
2026-08-16 21:30:24,222 - INFO - Card 77 already processed (dedup key matched). Skipping.
2026-08-16 21:30:24,223 - INFO - Processing card 78/100...
2026-08-16 21:30:29,203 - INFO - Card 78 has NO website! Extracting data...
2026-08-16 21:30:29,658 - INFO - Extracted verified lead: Bindu Hotel And Restaurant
2026-08-16 21:30:29,658 - INFO - Processing card 79/100...
2026-08-16 21:30:35,504 - INFO - Card 79 has NO website! Extracting data...
2026-08-16 21:30:37,555 - INFO - Extracted verified lead: Daruchini Chinese Restaurant & Community
2026-08-16 21:30:37,556 - INFO - Processing card 80/100...
2026-08-16 21:30:42,275 - INFO - Card 80 has NO website! Extracting data...
2026-08-16 21:30:44,387 - INFO - Extracted verified lead: Rinki Foods Corner
2026-08-16 21:30:44,388 - INFO - Processing card 81/100...
2026-08-16 21:30:48,775 - INFO - Card 81 has a website. Skipping.
2026-08-16 21:30:48,775 - INFO - Processing card 82/100...
2026-08-16 21:30:53,078 - INFO - Card 82 already processed (dedup key matched). Skipping.
2026-08-16 21:30:53,079 - INFO - Processing card 83/100...
2026-08-16 21:30:55,487 - INFO - Card 83 already processed (dedup key matched). Skipping.
2026-08-16 21:30:55,487 - INFO - Processing card 84/100...
2026-08-16 21:31:02,470 - INFO - Card 84 has NO website! Extracting data...
2026-08-16 21:31:04,538 - INFO - Extracted verified lead: Aurora-4
2026-08-16 21:31:04,539 - INFO - Processing card 85/100...
2026-08-16 21:31:11,030 - INFO - Card 85 has NO website! Extracting data...
2026-08-16 21:31:11,355 - INFO - Extracted verified lead: Pizza's
2026-08-16 21:31:11,356 - INFO - Processing card 86/100...
2026-08-16 21:31:14,264 - INFO - Card 86 already processed (dedup key matched). Skipping.
2026-08-16 21:31:14,265 - INFO - Processing card 87/100...
2026-08-16 21:31:18,465 - INFO - Card 87 has a website. Skipping.
2026-08-16 21:31:18,465 - INFO - Processing card 88/100...
2026-08-16 21:31:22,086 - INFO - Card 88 already processed (dedup key matched). Skipping.
2026-08-16 21:31:22,086 - INFO - Processing card 89/100...
2026-08-16 21:31:24,625 - INFO - Card 89 already processed (dedup key matched). Skipping.
2026-08-16 21:31:24,625 - INFO - Processing card 90/100...
2026-08-16 21:31:29,188 - INFO - Card 90 already processed (dedup key matched). Skipping.
2026-08-16 21:31:29,188 - INFO - Processing card 91/100...
2026-08-16 21:31:32,331 - INFO - Card 91 already processed (dedup key matched). Skipping.
2026-08-16 21:31:32,331 - INFO - Processing card 92/100...
2026-08-16 21:31:35,104 - INFO - Card 92 already processed (dedup key matched). Skipping.
2026-08-16 21:31:35,105 - INFO - Processing card 93/100...
2026-08-16 21:31:38,917 - INFO - Card 93 already processed (dedup key matched). Skipping.
2026-08-16 21:31:38,918 - INFO - Processing card 94/100...
2026-08-16 21:31:42,249 - INFO - Card 94 has a website. Skipping.
2026-08-16 21:31:42,250 - INFO - Processing card 95/100...
2026-08-16 21:31:44,946 - INFO - Card 95 already processed (dedup key matched). Skipping.
2026-08-16 21:31:44,946 - INFO - Processing card 96/100...
2026-08-16 21:31:48,610 - INFO - Card 96 already processed (dedup key matched). Skipping.
2026-08-16 21:31:48,610 - INFO - Processing card 97/100...
2026-08-16 21:31:53,423 - INFO - Card 97 has a website. Skipping.
2026-08-16 21:31:53,423 - INFO - Processing card 98/100...
2026-08-16 21:32:00,879 - INFO - Card 98 has NO website! Extracting data...
2026-08-16 21:32:00,938 - INFO - Extracted verified lead: Tik Tok Food Corner
2026-08-16 21:32:00,939 - INFO - Processing card 99/100...
2026-08-16 21:32:07,073 - INFO - Card 99 has NO website! Extracting data...
2026-08-16 21:32:09,189 - INFO - Extracted verified lead: Rajshahi Biriyani Ghor
2026-08-16 21:32:09,192 - INFO - Processing card 100/100...
2026-08-16 21:32:11,117 - INFO - Card 100 already processed (dedup key matched). Skipping.
2026-08-16 21:32:12,343 - INFO - 
==================================================
 RUN SUMMARY
 Query: restaurants in Rajshahi
 Total Run Time: 514.40 seconds
 Candidates Seen: 100
 Leads Captured: 26
 Failures Encountered: 0
 N/A Rate - Phone: 9 / 26 captured leads
 N/A Rate - Address: 0 / 26 captured leads
==================================================
